// Vitest Snapshot v1, https://vitest.dev/guide/snapshot.html

exports[`golden master — produkcyjny turniej > mapuje surowe rekordy Airtable na stabilny model turnieju > tournament-full 1`] = `
{
  "assets": {
    "campBannerImage": "https://fixture.invalid/file",
    "campBannerImageName": "file",
    "campBannerImageType": "image/jpeg",
    "campPosterLeft": "https://fixture.invalid/file",
    "campPosterLeftName": "file",
    "campPosterLeftType": "image/webp",
    "campPosterRight": "https://fixture.invalid/file",
    "campPosterRightName": "file",
    "campPosterRightType": "image/jpeg",
    "heroBannerImage": "https://fixture.invalid/file",
    "heroBannerImageName": "file",
    "heroBannerImageType": "image/jpeg",
    "regulationImage": "https://fixture.invalid/file",
    "regulationImageName": "file",
    "regulationImageType": "application/pdf",
    "scheduleImage": "https://fixture.invalid/file",
    "scheduleImageName": "file",
    "scheduleImageType": "application/pdf",
  },
  "campSignupLink": "https://festiwalhokeja.com/zapisz-sie-2/",
  "campStartDate": "2026-05-01T10:00:00.000Z",
  "groups": [
    {
      "key": "A",
      "matches": [
        {
          "awayScore": 1,
          "awayTeamId": "a-1773501626944",
          "group": "A",
          "homeScore": 8,
          "homeTeamId": "a-1773357702149",
          "id": "A-a-1773357702149-a-1773501626944",
        },
        {
          "awayScore": 11,
          "awayTeamId": "a-1773405076043",
          "group": "A",
          "homeScore": 3,
          "homeTeamId": "a-1773351457254",
          "id": "A-a-1773351457254-a-1773405076043",
        },
        {
          "awayScore": 1,
          "awayTeamId": "a-1773405265204",
          "group": "A",
          "homeScore": 6,
          "homeTeamId": "a-1773351494834",
          "id": "A-a-1773351494834-a-1773405265204",
        },
        {
          "awayScore": 1,
          "awayTeamId": "a-1773351813713",
          "group": "A",
          "homeScore": 5,
          "homeTeamId": "a-1773351490846",
          "id": "A-a-1773351490846-a-1773351813713",
        },
        {
          "awayScore": 1,
          "awayTeamId": "a-1773405383331",
          "group": "A",
          "homeScore": 11,
          "homeTeamId": "a-1773405076043",
          "id": "A-a-1773405076043-a-1773405383331",
        },
        {
          "awayScore": 1,
          "awayTeamId": "a-1773501626944",
          "group": "A",
          "homeScore": 10,
          "homeTeamId": "a-1773351494834",
          "id": "A-a-1773351494834-a-1773501626944",
        },
        {
          "awayScore": 0,
          "awayTeamId": "a-1773405265204",
          "group": "A",
          "homeScore": 6,
          "homeTeamId": "a-1773357702149",
          "id": "A-a-1773357702149-a-1773405265204",
        },
        {
          "awayScore": 0,
          "awayTeamId": "a-1773405383331",
          "group": "A",
          "homeScore": 8,
          "homeTeamId": "a-1773351813713",
          "id": "A-a-1773351813713-a-1773405383331",
        },
        {
          "awayScore": 5,
          "awayTeamId": "a-1773351490846",
          "group": "A",
          "homeScore": 1,
          "homeTeamId": "a-1773351457254",
          "id": "A-a-1773351457254-a-1773351490846",
        },
        {
          "awayScore": 2,
          "awayTeamId": "a-1773405383331",
          "group": "A",
          "homeScore": 3,
          "homeTeamId": "a-1773351494834",
          "id": "A-a-1773351494834-a-1773405383331",
        },
        {
          "awayScore": 3,
          "awayTeamId": "a-1773501626944",
          "group": "A",
          "homeScore": 4,
          "homeTeamId": "a-1773351457254",
          "id": "A-a-1773351457254-a-1773501626944",
        },
        {
          "awayScore": 6,
          "awayTeamId": "a-1773405265204",
          "group": "A",
          "homeScore": 4,
          "homeTeamId": "a-1773351813713",
          "id": "A-a-1773351813713-a-1773405265204",
        },
        {
          "awayScore": 3,
          "awayTeamId": "a-1773357702149",
          "group": "A",
          "homeScore": 5,
          "homeTeamId": "a-1773351490846",
          "id": "A-a-1773351490846-a-1773357702149",
        },
        {
          "awayScore": 3,
          "awayTeamId": "a-1773405076043",
          "group": "A",
          "homeScore": 3,
          "homeTeamId": "a-1773351494834",
          "id": "A-a-1773351494834-a-1773405076043",
        },
        {
          "awayScore": 3,
          "awayTeamId": "a-1773405265204",
          "group": "A",
          "homeScore": 3,
          "homeTeamId": "a-1773351457254",
          "id": "A-a-1773351457254-a-1773405265204",
        },
        {
          "awayScore": 7,
          "awayTeamId": "a-1773357702149",
          "group": "A",
          "homeScore": 7,
          "homeTeamId": "a-1773351813713",
          "id": "A-a-1773351813713-a-1773357702149",
        },
        {
          "awayScore": 1,
          "awayTeamId": "a-1773501626944",
          "group": "A",
          "homeScore": 10,
          "homeTeamId": "a-1773405076043",
          "id": "A-a-1773405076043-a-1773501626944",
        },
        {
          "awayScore": 1,
          "awayTeamId": "a-1773405383331",
          "group": "A",
          "homeScore": 15,
          "homeTeamId": "a-1773351490846",
          "id": "A-a-1773351490846-a-1773405383331",
        },
        {
          "awayScore": 3,
          "awayTeamId": "a-1773357702149",
          "group": "A",
          "homeScore": 3,
          "homeTeamId": "a-1773351457254",
          "id": "A-a-1773351457254-a-1773357702149",
        },
        {
          "awayScore": 2,
          "awayTeamId": "a-1773501626944",
          "group": "A",
          "homeScore": 2,
          "homeTeamId": "a-1773351813713",
          "id": "A-a-1773351813713-a-1773501626944",
        },
        {
          "awayScore": 1,
          "awayTeamId": "a-1773405265204",
          "group": "A",
          "homeScore": 10,
          "homeTeamId": "a-1773351490846",
          "id": "A-a-1773351490846-a-1773405265204",
        },
        {
          "awayScore": 6,
          "awayTeamId": "a-1773351494834",
          "group": "A",
          "homeScore": 4,
          "homeTeamId": "a-1773351457254",
          "id": "A-a-1773351457254-a-1773351494834",
        },
        {
          "awayScore": 3,
          "awayTeamId": "a-1773501626944",
          "group": "A",
          "homeScore": 2,
          "homeTeamId": "a-1773405383331",
          "id": "A-a-1773405383331-a-1773501626944",
        },
        {
          "awayScore": 0,
          "awayTeamId": "a-1773405265204",
          "group": "A",
          "homeScore": 8,
          "homeTeamId": "a-1773405076043",
          "id": "A-a-1773405076043-a-1773405265204",
        },
        {
          "awayScore": 3,
          "awayTeamId": "a-1773351813713",
          "group": "A",
          "homeScore": 2,
          "homeTeamId": "a-1773351494834",
          "id": "A-a-1773351494834-a-1773351813713",
        },
        {
          "awayScore": 0,
          "awayTeamId": "a-1773405383331",
          "group": "A",
          "homeScore": 12,
          "homeTeamId": "a-1773357702149",
          "id": "A-a-1773357702149-a-1773405383331",
        },
        {
          "awayScore": 1,
          "awayTeamId": "a-1773405076043",
          "group": "A",
          "homeScore": 4,
          "homeTeamId": "a-1773351490846",
          "id": "A-a-1773351490846-a-1773405076043",
        },
        {
          "awayScore": 6,
          "awayTeamId": "a-1773351813713",
          "group": "A",
          "homeScore": 4,
          "homeTeamId": "a-1773351457254",
          "id": "A-a-1773351457254-a-1773351813713",
        },
        {
          "awayScore": 6,
          "awayTeamId": "a-1773501626944",
          "group": "A",
          "homeScore": 2,
          "homeTeamId": "a-1773405265204",
          "id": "A-a-1773405265204-a-1773501626944",
        },
        {
          "awayScore": 1,
          "awayTeamId": "a-1773405076043",
          "group": "A",
          "homeScore": 4,
          "homeTeamId": "a-1773357702149",
          "id": "A-a-1773357702149-a-1773405076043",
        },
        {
          "awayScore": 2,
          "awayTeamId": "a-1773351494834",
          "group": "A",
          "homeScore": 5,
          "homeTeamId": "a-1773351490846",
          "id": "A-a-1773351490846-a-1773351494834",
        },
        {
          "awayScore": 1,
          "awayTeamId": "a-1773405076043",
          "group": "A",
          "homeScore": 3,
          "homeTeamId": "a-1773351813713",
          "id": "A-a-1773351813713-a-1773405076043",
        },
        {
          "awayScore": 2,
          "awayTeamId": "a-1773405383331",
          "group": "A",
          "homeScore": 8,
          "homeTeamId": "a-1773405265204",
          "id": "A-a-1773405265204-a-1773405383331",
        },
        {
          "awayScore": 3,
          "awayTeamId": "a-1773357702149",
          "group": "A",
          "homeScore": 1,
          "homeTeamId": "a-1773351494834",
          "id": "A-a-1773351494834-a-1773357702149",
        },
        {
          "awayScore": 2,
          "awayTeamId": "a-1773405383331",
          "group": "A",
          "homeScore": 5,
          "homeTeamId": "a-1773351457254",
          "id": "A-a-1773351457254-a-1773405383331",
        },
        {
          "awayScore": 1,
          "awayTeamId": "a-1773501626944",
          "group": "A",
          "homeScore": 10,
          "homeTeamId": "a-1773351490846",
          "id": "A-a-1773351490846-a-1773501626944",
        },
      ],
      "name": "Grupa A",
      "teams": [
        {
          "id": "a-1773351457254",
          "logoName": "file",
          "logoText": "BS POLONIA BYTOM",
          "logoType": "image/png",
          "logoUrl": "https://fixture.invalid/file",
          "name": "BS POLONIA BYTOM",
          "shortName": "BS POLONIA BYTOM",
          "sourceOrder": 1,
        },
        {
          "id": "a-1773351490846",
          "logoName": "file",
          "logoText": "UKS ZAGŁĘBIE SOSNOWIEC",
          "logoType": "image/jpeg",
          "logoUrl": "https://fixture.invalid/file",
          "name": "UKS ZAGŁĘBIE SOSNOWIEC",
          "shortName": "UKS ZAGŁĘBIE SOSNOWIEC",
          "sourceOrder": 2,
        },
        {
          "id": "a-1773351494834",
          "logoName": "file",
          "logoText": "MKS SOKOŁY TORUŃ",
          "logoType": "image/png",
          "logoUrl": "https://fixture.invalid/file",
          "name": "MKS SOKOŁY TORUŃ",
          "shortName": "MKS SOKOŁY TORUŃ",
          "sourceOrder": 3,
        },
        {
          "id": "a-1773351813713",
          "logoName": "file",
          "logoText": "UKH UNIA OŚWIĘCIM",
          "logoType": "image/png",
          "logoUrl": "https://fixture.invalid/file",
          "name": "UKH UNIA OŚWIĘCIM",
          "shortName": "UKH UNIA OŚWIĘCIM",
          "sourceOrder": 4,
        },
        {
          "id": "a-1773357702149",
          "logoName": "file",
          "logoText": "NAPRZÓD JANÓW KATOWICE",
          "logoType": "image/png",
          "logoUrl": "https://fixture.invalid/file",
          "name": "NAPRZÓD JANÓW KATOWICE",
          "shortName": "NAPRZÓD JANÓW KATOWICE",
          "sourceOrder": 5,
        },
        {
          "id": "a-1773405076043",
          "logoName": "file",
          "logoText": "GKS KATOWICE 1",
          "logoType": "image/jpeg",
          "logoUrl": "https://fixture.invalid/file",
          "name": "GKS KATOWICE 1",
          "shortName": "GKS KATOWICE 1",
          "sourceOrder": 6,
        },
        {
          "id": "a-1773405265204",
          "logoName": "file",
          "logoText": "AH LEGIA WARSZAWA",
          "logoType": "image/jpeg",
          "logoUrl": "https://fixture.invalid/file",
          "name": "AH LEGIA WARSZAWA",
          "shortName": "AH LEGIA WARSZAWA",
          "sourceOrder": 7,
        },
        {
          "id": "a-1773405383331",
          "logoName": "file",
          "logoText": "GAS OLIVIA",
          "logoType": "image/jpeg",
          "logoUrl": "https://fixture.invalid/file",
          "name": "GAS OLIVIA",
          "shortName": "GAS OLIVIA",
          "sourceOrder": 8,
        },
        {
          "id": "a-1773501626944",
          "logoName": "file",
          "logoText": "MUKS ORLIK OPOLE",
          "logoType": "image/jpeg",
          "logoUrl": "https://fixture.invalid/file",
          "name": "MUKS ORLIK OPOLE",
          "shortName": "MUKS ORLIK OPOLE",
          "sourceOrder": 9,
        },
      ],
    },
    {
      "key": "B",
      "matches": [
        {
          "awayScore": 12,
          "awayTeamId": "b-1773405711116",
          "group": "B",
          "homeScore": 2,
          "homeTeamId": "b-1773405683907",
          "id": "B-b-1773405683907-b-1773405711116",
        },
        {
          "awayScore": 1,
          "awayTeamId": "b-1773405648230",
          "group": "B",
          "homeScore": 8,
          "homeTeamId": "b-1773405516679",
          "id": "B-b-1773405516679-b-1773405648230",
        },
        {
          "awayScore": 1,
          "awayTeamId": "b-1773405701101",
          "group": "B",
          "homeScore": 2,
          "homeTeamId": "b-1773405659848",
          "id": "B-b-1773405659848-b-1773405701101",
        },
        {
          "awayScore": 16,
          "awayTeamId": "b-1773405559598",
          "group": "B",
          "homeScore": 0,
          "homeTeamId": "b-1773405534742",
          "id": "B-b-1773405534742-b-1773405559598",
        },
        {
          "awayScore": 0,
          "awayTeamId": "b-1773405683907",
          "group": "B",
          "homeScore": 8,
          "homeTeamId": "b-1773405580668",
          "id": "B-b-1773405580668-b-1773405683907",
        },
        {
          "awayScore": 2,
          "awayTeamId": "b-1773405711116",
          "group": "B",
          "homeScore": 5,
          "homeTeamId": "b-1773405559598",
          "id": "B-b-1773405559598-b-1773405711116",
        },
        {
          "awayScore": 6,
          "awayTeamId": "b-1773405659848",
          "group": "B",
          "homeScore": 2,
          "homeTeamId": "b-1773405534742",
          "id": "B-b-1773405534742-b-1773405659848",
        },
        {
          "awayScore": 1,
          "awayTeamId": "b-1773405701101",
          "group": "B",
          "homeScore": 1,
          "homeTeamId": "b-1773405516679",
          "id": "B-b-1773405516679-b-1773405701101",
        },
        {
          "awayScore": 1,
          "awayTeamId": "b-1773405648230",
          "group": "B",
          "homeScore": 5,
          "homeTeamId": "b-1773405580668",
          "id": "B-b-1773405580668-b-1773405648230",
        },
        {
          "awayScore": 2,
          "awayTeamId": "b-1773405683907",
          "group": "B",
          "homeScore": 8,
          "homeTeamId": "b-1773405534742",
          "id": "B-b-1773405534742-b-1773405683907",
        },
        {
          "awayScore": 3,
          "awayTeamId": "b-1773405711116",
          "group": "B",
          "homeScore": 7,
          "homeTeamId": "b-1773405659848",
          "id": "B-b-1773405659848-b-1773405711116",
        },
        {
          "awayScore": 10,
          "awayTeamId": "b-1773405559598",
          "group": "B",
          "homeScore": 4,
          "homeTeamId": "b-1773405516679",
          "id": "B-b-1773405516679-b-1773405559598",
        },
        {
          "awayScore": 3,
          "awayTeamId": "b-1773405701101",
          "group": "B",
          "homeScore": 4,
          "homeTeamId": "b-1773405580668",
          "id": "B-b-1773405580668-b-1773405701101",
        },
        {
          "awayScore": 1,
          "awayTeamId": "b-1773405683907",
          "group": "B",
          "homeScore": 17,
          "homeTeamId": "b-1773405648230",
          "id": "B-b-1773405648230-b-1773405683907",
        },
        {
          "awayScore": 3,
          "awayTeamId": "b-1773405711116",
          "group": "B",
          "homeScore": 5,
          "homeTeamId": "b-1773405534742",
          "id": "B-b-1773405534742-b-1773405711116",
        },
        {
          "awayScore": 2,
          "awayTeamId": "b-1773405659848",
          "group": "B",
          "homeScore": 3,
          "homeTeamId": "b-1773405580668",
          "id": "B-b-1773405580668-b-1773405659848",
        },
        {
          "awayScore": 4,
          "awayTeamId": "b-1773405701101",
          "group": "B",
          "homeScore": 6,
          "homeTeamId": "b-1773405648230",
          "id": "B-b-1773405648230-b-1773405701101",
        },
        {
          "awayScore": 0,
          "awayTeamId": "b-1773405683907",
          "group": "B",
          "homeScore": 19,
          "homeTeamId": "b-1773405516679",
          "id": "B-b-1773405516679-b-1773405683907",
        },
        {
          "awayScore": 0,
          "awayTeamId": "b-1773405580668",
          "group": "B",
          "homeScore": 2,
          "homeTeamId": "b-1773405559598",
          "id": "B-b-1773405559598-b-1773405580668",
        },
        {
          "awayScore": 2,
          "awayTeamId": "b-1773405711116",
          "group": "B",
          "homeScore": 3,
          "homeTeamId": "b-1773405701101",
          "id": "B-b-1773405701101-b-1773405711116",
        },
        {
          "awayScore": 5,
          "awayTeamId": "b-1773405659848",
          "group": "B",
          "homeScore": 2,
          "homeTeamId": "b-1773405648230",
          "id": "B-b-1773405648230-b-1773405659848",
        },
        {
          "awayScore": 2,
          "awayTeamId": "b-1773405534742",
          "group": "B",
          "homeScore": 11,
          "homeTeamId": "b-1773405516679",
          "id": "B-b-1773405516679-b-1773405534742",
        },
        {
          "awayScore": 1,
          "awayTeamId": "b-1773405701101",
          "group": "B",
          "homeScore": 12,
          "homeTeamId": "b-1773405559598",
          "id": "B-b-1773405559598-b-1773405701101",
        },
        {
          "awayScore": 0,
          "awayTeamId": "b-1773405711116",
          "group": "B",
          "homeScore": 2,
          "homeTeamId": "b-1773405580668",
          "id": "B-b-1773405580668-b-1773405711116",
        },
        {
          "awayScore": 9,
          "awayTeamId": "b-1773405659848",
          "group": "B",
          "homeScore": 2,
          "homeTeamId": "b-1773405516679",
          "id": "B-b-1773405516679-b-1773405659848",
        },
        {
          "awayScore": 0,
          "awayTeamId": "b-1773405683907",
          "group": "B",
          "homeScore": 12,
          "homeTeamId": "b-1773405559598",
          "id": "B-b-1773405559598-b-1773405683907",
        },
        {
          "awayScore": 3,
          "awayTeamId": "b-1773405648230",
          "group": "B",
          "homeScore": 4,
          "homeTeamId": "b-1773405534742",
          "id": "B-b-1773405534742-b-1773405648230",
        },
        {
          "awayScore": 4,
          "awayTeamId": "b-1773405701101",
          "group": "B",
          "homeScore": 1,
          "homeTeamId": "b-1773405683907",
          "id": "B-b-1773405683907-b-1773405701101",
        },
        {
          "awayScore": 1,
          "awayTeamId": "b-1773405659848",
          "group": "B",
          "homeScore": 6,
          "homeTeamId": "b-1773405559598",
          "id": "B-b-1773405559598-b-1773405659848",
        },
        {
          "awayScore": 0,
          "awayTeamId": "b-1773405711116",
          "group": "B",
          "homeScore": 5,
          "homeTeamId": "b-1773405516679",
          "id": "B-b-1773405516679-b-1773405711116",
        },
        {
          "awayScore": 1,
          "awayTeamId": "b-1773405648230",
          "group": "B",
          "homeScore": 6,
          "homeTeamId": "b-1773405559598",
          "id": "B-b-1773405559598-b-1773405648230",
        },
        {
          "awayScore": 7,
          "awayTeamId": "b-1773405580668",
          "group": "B",
          "homeScore": 3,
          "homeTeamId": "b-1773405534742",
          "id": "B-b-1773405534742-b-1773405580668",
        },
        {
          "awayScore": 2,
          "awayTeamId": "b-1773405683907",
          "group": "B",
          "homeScore": 13,
          "homeTeamId": "b-1773405659848",
          "id": "B-b-1773405659848-b-1773405683907",
        },
        {
          "awayScore": 7,
          "awayTeamId": "b-1773405701101",
          "group": "B",
          "homeScore": 1,
          "homeTeamId": "b-1773405534742",
          "id": "B-b-1773405534742-b-1773405701101",
        },
        {
          "awayScore": 4,
          "awayTeamId": "b-1773405711116",
          "group": "B",
          "homeScore": 1,
          "homeTeamId": "b-1773405648230",
          "id": "B-b-1773405648230-b-1773405711116",
        },
        {
          "awayScore": 0,
          "awayTeamId": "b-1773405580668",
          "group": "B",
          "homeScore": 2,
          "homeTeamId": "b-1773405516679",
          "id": "B-b-1773405516679-b-1773405580668",
        },
      ],
      "name": "Grupa B",
      "teams": [
        {
          "id": "b-1773405516679",
          "logoName": "file",
          "logoText": "SANDECJA NOWY SĄCZ",
          "logoType": "image/png",
          "logoUrl": "https://fixture.invalid/file",
          "name": "SANDECJA NOWY SĄCZ",
          "shortName": "SANDECJA NOWY SĄCZ",
          "sourceOrder": 1,
        },
        {
          "id": "b-1773405534742",
          "logoName": "file",
          "logoText": "HKS MIŃSKIE JETSIKI",
          "logoType": "image/jpeg",
          "logoUrl": "https://fixture.invalid/file",
          "name": "HKS MIŃSKIE JETSIKI",
          "shortName": "HKS MIŃSKIE JETSIKI",
          "sourceOrder": 2,
        },
        {
          "id": "b-1773405559598",
          "logoName": "file",
          "logoText": "BKS BYDGOSZCZ",
          "logoType": "image/jpeg",
          "logoUrl": "https://fixture.invalid/file",
          "name": "BKS BYDGOSZCZ",
          "shortName": "BKS BYDGOSZCZ",
          "sourceOrder": 3,
        },
        {
          "id": "b-1773405580668",
          "logoName": "file",
          "logoText": "NAPRZÓD JANÓW KATOWICE 2",
          "logoType": "image/png",
          "logoUrl": "https://fixture.invalid/file",
          "name": "NAPRZÓD JANÓW KATOWICE 2",
          "shortName": "NAPRZÓD JANÓW KATOWICE 2",
          "sourceOrder": 4,
        },
        {
          "id": "b-1773405648230",
          "logoName": "file",
          "logoText": "GKS KATOWICE 2",
          "logoType": "image/jpeg",
          "logoUrl": "https://fixture.invalid/file",
          "name": "GKS KATOWICE 2",
          "shortName": "GKS KATOWICE 2",
          "sourceOrder": 5,
        },
        {
          "id": "b-1773405659848",
          "logoName": "file",
          "logoText": "LHT LUBLIN ",
          "logoType": "image/png",
          "logoUrl": "https://fixture.invalid/file",
          "name": "LHT LUBLIN ",
          "shortName": "LHT LUBLIN ",
          "sourceOrder": 6,
        },
        {
          "id": "b-1773405683907",
          "logoName": "file",
          "logoText": "WTH WROCŁAW ",
          "logoType": "image/jpeg",
          "logoUrl": "https://fixture.invalid/file",
          "name": "WTH WROCŁAW ",
          "shortName": "WTH WROCŁAW ",
          "sourceOrder": 7,
        },
        {
          "id": "b-1773405701101",
          "logoName": "file",
          "logoText": "ŁKH ŁÓDŹ",
          "logoType": "image/png",
          "logoUrl": "https://fixture.invalid/file",
          "name": "ŁKH ŁÓDŹ",
          "shortName": "ŁKH ŁÓDŹ",
          "sourceOrder": 8,
        },
        {
          "id": "b-1773405711116",
          "logoName": "file",
          "logoText": "AKADEMIA FABRYKA HOKEJA ZGIERZ ",
          "logoType": "image/jpeg",
          "logoUrl": "https://fixture.invalid/file",
          "name": "AKADEMIA FABRYKA HOKEJA ZGIERZ ",
          "shortName": "AKADEMIA FABRYKA HOKEJA ZGIERZ ",
          "sourceOrder": 9,
        },
      ],
    },
  ],
  "id": "rabbit-cup",
  "scorers": [
    {
      "goals": 99,
      "id": "scorer-1773713592886-1fre1s",
      "jerseyNumber": 15,
      "playerName": "RABBICIAK ",
      "teamId": "a-1773351490846",
    },
  ],
  "showTopScorerTicker": true,
  "tickerMessage": "Zapraszamy do bufetu na tarasie lodowiska  • pyszne przekąski dla wszystkich dzieci i rodziców!!!",
  "title": "Rabbit Cup",
}
`;

exports[`golden master — produkcyjny turniej > mapuje surowe rekordy Airtable na stabilny model turnieju > tournament-shape 1`] = `
{
  "groupKeys": [
    "A",
    "B",
  ],
  "id": "rabbit-cup",
  "matchCounts": [
    36,
    36,
  ],
  "scorerCount": 1,
  "teamCounts": [
    9,
    9,
  ],
  "title": "Rabbit Cup",
}
`;

exports[`golden master — produkcyjny turniej > wylicza identyczną klasyfikację dla każdej grupy > standings-grupa-A 1`] = `
[
  {
    "draws": 0,
    "goalDifference": 48,
    "goalsAgainst": 11,
    "goalsFor": 59,
    "isTieUnresolved": false,
    "logoText": "UKS ZAGŁĘBIE SOSNOWIEC",
    "logoUrl": "https://fixture.invalid/file",
    "losses": 0,
    "played": 8,
    "points": 24,
    "position": 1,
    "sourceOrder": 2,
    "teamId": "a-1773351490846",
    "teamName": "UKS ZAGŁĘBIE SOSNOWIEC",
    "tieNote": undefined,
    "tieWithTeamIds": [],
    "wins": 8,
  },
  {
    "draws": 2,
    "goalDifference": 28,
    "goalsAgainst": 18,
    "goalsFor": 46,
    "isTieUnresolved": false,
    "logoText": "NAPRZÓD JANÓW KATOWICE",
    "logoUrl": "https://fixture.invalid/file",
    "losses": 1,
    "played": 8,
    "points": 17,
    "position": 2,
    "sourceOrder": 5,
    "teamId": "a-1773357702149",
    "teamName": "NAPRZÓD JANÓW KATOWICE",
    "tieNote": undefined,
    "tieWithTeamIds": [],
    "wins": 5,
  },
  {
    "draws": 2,
    "goalDifference": 7,
    "goalsAgainst": 27,
    "goalsFor": 34,
    "isTieUnresolved": false,
    "logoText": "UKH UNIA OŚWIĘCIM",
    "logoUrl": "https://fixture.invalid/file",
    "losses": 2,
    "played": 8,
    "points": 14,
    "position": 3,
    "sourceOrder": 4,
    "teamId": "a-1773351813713",
    "teamName": "UKH UNIA OŚWIĘCIM",
    "tieNote": undefined,
    "tieWithTeamIds": [],
    "wins": 4,
  },
  {
    "draws": 1,
    "goalDifference": 27,
    "goalsAgainst": 19,
    "goalsFor": 46,
    "isTieUnresolved": false,
    "logoText": "GKS KATOWICE 1",
    "logoUrl": "https://fixture.invalid/file",
    "losses": 3,
    "played": 8,
    "points": 13,
    "position": 4,
    "sourceOrder": 6,
    "teamId": "a-1773405076043",
    "teamName": "GKS KATOWICE 1",
    "tieNote": undefined,
    "tieWithTeamIds": [],
    "wins": 4,
  },
  {
    "draws": 1,
    "goalDifference": 11,
    "goalsAgainst": 22,
    "goalsFor": 33,
    "isTieUnresolved": false,
    "logoText": "MKS SOKOŁY TORUŃ",
    "logoUrl": "https://fixture.invalid/file",
    "losses": 3,
    "played": 8,
    "points": 13,
    "position": 5,
    "sourceOrder": 3,
    "teamId": "a-1773351494834",
    "teamName": "MKS SOKOŁY TORUŃ",
    "tieNote": undefined,
    "tieWithTeamIds": [],
    "wins": 4,
  },
  {
    "draws": 2,
    "goalDifference": -12,
    "goalsAgainst": 39,
    "goalsFor": 27,
    "isTieUnresolved": false,
    "logoText": "BS POLONIA BYTOM",
    "logoUrl": "https://fixture.invalid/file",
    "losses": 4,
    "played": 8,
    "points": 8,
    "position": 6,
    "sourceOrder": 1,
    "teamId": "a-1773351457254",
    "teamName": "BS POLONIA BYTOM",
    "tieNote": undefined,
    "tieWithTeamIds": [],
    "wins": 2,
  },
  {
    "draws": 1,
    "goalDifference": -30,
    "goalsAgainst": 48,
    "goalsFor": 18,
    "isTieUnresolved": false,
    "logoText": "MUKS ORLIK OPOLE",
    "logoUrl": "https://fixture.invalid/file",
    "losses": 5,
    "played": 8,
    "points": 7,
    "position": 7,
    "sourceOrder": 9,
    "teamId": "a-1773501626944",
    "teamName": "MUKS ORLIK OPOLE",
    "tieNote": undefined,
    "tieWithTeamIds": [],
    "wins": 2,
  },
  {
    "draws": 1,
    "goalDifference": -24,
    "goalsAgainst": 45,
    "goalsFor": 21,
    "isTieUnresolved": false,
    "logoText": "AH LEGIA WARSZAWA",
    "logoUrl": "https://fixture.invalid/file",
    "losses": 5,
    "played": 8,
    "points": 7,
    "position": 8,
    "sourceOrder": 7,
    "teamId": "a-1773405265204",
    "teamName": "AH LEGIA WARSZAWA",
    "tieNote": undefined,
    "tieWithTeamIds": [],
    "wins": 2,
  },
  {
    "draws": 0,
    "goalDifference": -55,
    "goalsAgainst": 65,
    "goalsFor": 10,
    "isTieUnresolved": false,
    "logoText": "GAS OLIVIA",
    "logoUrl": "https://fixture.invalid/file",
    "losses": 8,
    "played": 8,
    "points": 0,
    "position": 9,
    "sourceOrder": 8,
    "teamId": "a-1773405383331",
    "teamName": "GAS OLIVIA",
    "tieNote": undefined,
    "tieWithTeamIds": [],
    "wins": 0,
  },
]
`;

exports[`golden master — produkcyjny turniej > wylicza identyczną klasyfikację dla każdej grupy > standings-grupa-B 1`] = `
[
  {
    "draws": 0,
    "goalDifference": 60,
    "goalsAgainst": 9,
    "goalsFor": 69,
    "isTieUnresolved": false,
    "logoText": "BKS BYDGOSZCZ",
    "logoUrl": "https://fixture.invalid/file",
    "losses": 0,
    "played": 8,
    "points": 24,
    "position": 1,
    "sourceOrder": 3,
    "teamId": "b-1773405559598",
    "teamName": "BKS BYDGOSZCZ",
    "tieNote": undefined,
    "tieWithTeamIds": [],
    "wins": 8,
  },
  {
    "draws": 0,
    "goalDifference": 16,
    "goalsAgainst": 13,
    "goalsFor": 29,
    "isTieUnresolved": false,
    "logoText": "NAPRZÓD JANÓW KATOWICE 2",
    "logoUrl": "https://fixture.invalid/file",
    "losses": 2,
    "played": 8,
    "points": 18,
    "position": 2,
    "sourceOrder": 4,
    "teamId": "b-1773405580668",
    "teamName": "NAPRZÓD JANÓW KATOWICE 2",
    "tieNote": undefined,
    "tieWithTeamIds": [],
    "wins": 6,
  },
  {
    "draws": 0,
    "goalDifference": 24,
    "goalsAgainst": 21,
    "goalsFor": 45,
    "isTieUnresolved": false,
    "logoText": "LHT LUBLIN ",
    "logoUrl": "https://fixture.invalid/file",
    "losses": 2,
    "played": 8,
    "points": 18,
    "position": 3,
    "sourceOrder": 6,
    "teamId": "b-1773405659848",
    "teamName": "LHT LUBLIN ",
    "tieNote": undefined,
    "tieWithTeamIds": [],
    "wins": 6,
  },
  {
    "draws": 1,
    "goalDifference": 29,
    "goalsAgainst": 23,
    "goalsFor": 52,
    "isTieUnresolved": false,
    "logoText": "SANDECJA NOWY SĄCZ",
    "logoUrl": "https://fixture.invalid/file",
    "losses": 2,
    "played": 8,
    "points": 16,
    "position": 4,
    "sourceOrder": 1,
    "teamId": "b-1773405516679",
    "teamName": "SANDECJA NOWY SĄCZ",
    "tieNote": undefined,
    "tieWithTeamIds": [],
    "wins": 5,
  },
  {
    "draws": 1,
    "goalDifference": -5,
    "goalsAgainst": 29,
    "goalsFor": 24,
    "isTieUnresolved": false,
    "logoText": "ŁKH ŁÓDŹ",
    "logoUrl": "https://fixture.invalid/file",
    "losses": 4,
    "played": 8,
    "points": 10,
    "position": 5,
    "sourceOrder": 8,
    "teamId": "b-1773405701101",
    "teamName": "ŁKH ŁÓDŹ",
    "tieNote": undefined,
    "tieWithTeamIds": [],
    "wins": 3,
  },
  {
    "draws": 0,
    "goalDifference": -30,
    "goalsAgainst": 55,
    "goalsFor": 25,
    "isTieUnresolved": false,
    "logoText": "HKS MIŃSKIE JETSIKI",
    "logoUrl": "https://fixture.invalid/file",
    "losses": 5,
    "played": 8,
    "points": 9,
    "position": 6,
    "sourceOrder": 2,
    "teamId": "b-1773405534742",
    "teamName": "HKS MIŃSKIE JETSIKI",
    "tieNote": undefined,
    "tieWithTeamIds": [],
    "wins": 3,
  },
  {
    "draws": 0,
    "goalDifference": -4,
    "goalsAgainst": 30,
    "goalsFor": 26,
    "isTieUnresolved": false,
    "logoText": "AKADEMIA FABRYKA HOKEJA ZGIERZ ",
    "logoUrl": "https://fixture.invalid/file",
    "losses": 6,
    "played": 8,
    "points": 6,
    "position": 7,
    "sourceOrder": 9,
    "teamId": "b-1773405711116",
    "teamName": "AKADEMIA FABRYKA HOKEJA ZGIERZ ",
    "tieNote": undefined,
    "tieWithTeamIds": [],
    "wins": 2,
  },
  {
    "draws": 0,
    "goalDifference": -5,
    "goalsAgainst": 37,
    "goalsFor": 32,
    "isTieUnresolved": false,
    "logoText": "GKS KATOWICE 2",
    "logoUrl": "https://fixture.invalid/file",
    "losses": 6,
    "played": 8,
    "points": 6,
    "position": 8,
    "sourceOrder": 5,
    "teamId": "b-1773405648230",
    "teamName": "GKS KATOWICE 2",
    "tieNote": undefined,
    "tieWithTeamIds": [],
    "wins": 2,
  },
  {
    "draws": 0,
    "goalDifference": -85,
    "goalsAgainst": 93,
    "goalsFor": 8,
    "isTieUnresolved": false,
    "logoText": "WTH WROCŁAW ",
    "logoUrl": "https://fixture.invalid/file",
    "losses": 8,
    "played": 8,
    "points": 0,
    "position": 9,
    "sourceOrder": 7,
    "teamId": "b-1773405683907",
    "teamName": "WTH WROCŁAW ",
    "tieNote": undefined,
    "tieWithTeamIds": [],
    "wins": 0,
  },
]
`;
